NAME
    pyaggregates

CLASSES
    pybind11_builtins.pybind11_object(builtins.object)
        Aggregate

    class Aggregate(pybind11_builtins.pybind11_object)
     |  Method resolution order:
     |      Aggregate
     |      pybind11_builtins.pybind11_object
     |      builtins.object
     |
     |  Methods defined here:
     |
     |  __init__(...)
     |      __init__(*args, **kwargs)
     |      Overloaded function.
     |
     |      1. __init__(self: pyaggregates.Aggregate) -> None
     |
     |      2. __init__(self: pyaggregates.Aggregate, arg0: pyaggregates.Aggregate) -> None
     |
     |  ----------------------------------------------------------------------
     |  Data descriptors defined here:
     |
     |  a
     |
     |  b
     |
     |  c
     |
     |  ----------------------------------------------------------------------
     |  Static methods inherited from pybind11_builtins.pybind11_object:
     |
     |  __new__(*args, **kwargs) from pybind11_builtins.pybind11_type
     |      Create and return a new object.  See help(type) for accurate signature.

