NAME
    pydynamic_attr

CLASSES
    pybind11_builtins.pybind11_object(builtins.object)
        Default
        WithDynamic

    class Default(pybind11_builtins.pybind11_object)
     |  Method resolution order:
     |      Default
     |      pybind11_builtins.pybind11_object
     |      builtins.object
     |
     |  Methods defined here:
     |
     |  __init__(...)
     |      __init__(*args, **kwargs)
     |      Overloaded function.
     |
     |      1. __init__(self: pydynamic_attr.Default) -> None
     |
     |      2. __init__(self: pydynamic_attr.Default, arg0: pydynamic_attr.Default) -> None
     |
     |  some_function(...)
     |      some_function(self: pydynamic_attr.Default) -> None
     |
     |  ----------------------------------------------------------------------
     |  Data descriptors defined here:
     |
     |  existing_field
     |
     |  ----------------------------------------------------------------------
     |  Static methods inherited from pybind11_builtins.pybind11_object:
     |
     |  __new__(*args, **kwargs) from pybind11_builtins.pybind11_type
     |      Create and return a new object.  See help(type) for accurate signature.

    class WithDynamic(pybind11_builtins.pybind11_object)
     |  Method resolution order:
     |      WithDynamic
     |      pybind11_builtins.pybind11_object
     |      builtins.object
     |
     |  Methods defined here:
     |
     |  __init__(...)
     |      __init__(*args, **kwargs)
     |      Overloaded function.
     |
     |      1. __init__(self: pydynamic_attr.WithDynamic) -> None
     |
     |      2. __init__(self: pydynamic_attr.WithDynamic, arg0: pydynamic_attr.WithDynamic) -> None
     |
     |  some_function(...)
     |      some_function(self: pydynamic_attr.WithDynamic) -> None
     |
     |  ----------------------------------------------------------------------
     |  Data descriptors defined here:
     |
     |  __dict__
     |
     |  existing_field
     |
     |  ----------------------------------------------------------------------
     |  Static methods inherited from pybind11_builtins.pybind11_object:
     |
     |  __new__(*args, **kwargs) from pybind11_builtins.pybind11_type
     |      Create and return a new object.  See help(type) for accurate signature.

