NAME
    pyexplicit_template_function

CLASSES
    pybind11_builtins.pybind11_object(builtins.object)
        Klass
        Something

    class Klass(pybind11_builtins.pybind11_object)
     |  Method resolution order:
     |      Klass
     |      pybind11_builtins.pybind11_object
     |      builtins.object
     |
     |  Methods defined here:
     |
     |  __init__(...)
     |      __init__(*args, **kwargs)
     |      Overloaded function.
     |
     |      1. __init__(self: pyexplicit_template_function.Klass) -> None
     |
     |      2. __init__(self: pyexplicit_template_function.Klass, arg0: pyexplicit_template_function.Klass) -> None
     |
     |  increase(...)
     |      increase(self: pyexplicit_template_function.Klass, val: int) -> int
     |
     |  ----------------------------------------------------------------------
     |  Static methods inherited from pybind11_builtins.pybind11_object:
     |
     |  __new__(*args, **kwargs) from pybind11_builtins.pybind11_type
     |      Create and return a new object.  See help(type) for accurate signature.

    class Something(pybind11_builtins.pybind11_object)
     |  Method resolution order:
     |      Something
     |      pybind11_builtins.pybind11_object
     |      builtins.object
     |
     |  Methods defined here:
     |
     |  __init__(...)
     |      __init__(*args, **kwargs)
     |      Overloaded function.
     |
     |      1. __init__(self: pyexplicit_template_function.Something) -> None
     |
     |      2. __init__(self: pyexplicit_template_function.Something, arg0: pyexplicit_template_function.Something) -> None
     |
     |      3. __init__(self: pyexplicit_template_function.Something, val: int) -> None
     |
     |  ----------------------------------------------------------------------
     |  Data descriptors defined here:
     |
     |  value
     |
     |  ----------------------------------------------------------------------
     |  Static methods inherited from pybind11_builtins.pybind11_object:
     |
     |  __new__(*args, **kwargs) from pybind11_builtins.pybind11_type
     |      Create and return a new object.  See help(type) for accurate signature.

FUNCTIONS
    echo_with_default_argument(...) method of builtins.PyCapsule instance
        echo_with_default_argument(val: int = 3) -> int

    echo_with_default_argument_2(...) method of builtins.PyCapsule instance
        echo_with_default_argument_2(val: int = 23) -> int

    frobnicate(...) method of builtins.PyCapsule instance
        frobnicate(*args, **kwargs)
        Overloaded function.

        1. frobnicate(val: int) -> int

        2. frobnicate(val: float) -> float

