NAME
    pyholder_type

CLASSES
    pybind11_builtins.pybind11_object(builtins.object)
        Child
        Parent

    class Child(pybind11_builtins.pybind11_object)
     |  Method resolution order:
     |      Child
     |      pybind11_builtins.pybind11_object
     |      builtins.object
     |
     |  Methods defined here:
     |
     |  __init__(...)
     |      __init__(*args, **kwargs)
     |      Overloaded function.
     |
     |      1. __init__(self: pyholder_type.Child, arg0: pyholder_type.Child) -> None
     |
     |      2. __init__(self: pyholder_type.Child) -> None
     |
     |  ----------------------------------------------------------------------
     |  Static methods inherited from pybind11_builtins.pybind11_object:
     |
     |  __new__(*args, **kwargs) from pybind11_builtins.pybind11_type
     |      Create and return a new object.  See help(type) for accurate signature.

    class Parent(pybind11_builtins.pybind11_object)
     |  Method resolution order:
     |      Parent
     |      pybind11_builtins.pybind11_object
     |      builtins.object
     |
     |  Methods defined here:
     |
     |  __init__(...)
     |      __init__(*args, **kwargs)
     |      Overloaded function.
     |
     |      1. __init__(self: pyholder_type.Parent) -> None
     |
     |      2. __init__(self: pyholder_type.Parent, arg0: pyholder_type.Parent) -> None
     |
     |  get_child(...)
     |      get_child(self: pyholder_type.Parent) -> pyholder_type.Child
     |
     |  get_use_count(...)
     |      get_use_count(self: pyholder_type.Parent) -> int
     |
     |  ----------------------------------------------------------------------
     |  Static methods inherited from pybind11_builtins.pybind11_object:
     |
     |  __new__(*args, **kwargs) from pybind11_builtins.pybind11_type
     |      Create and return a new object.  See help(type) for accurate signature.

