NAME
    pymanual

CLASSES
    pybind11_builtins.pybind11_object(builtins.object)
        Something

    class Something(pybind11_builtins.pybind11_object)
     |  Method resolution order:
     |      Something
     |      pybind11_builtins.pybind11_object
     |      builtins.object
     |
     |  Methods defined here:
     |
     |  __getitem__(...)
     |      __getitem__(self: pymanual.Something, arg0: int) -> int
     |
     |  __init__(...)
     |      __init__(*args, **kwargs)
     |      Overloaded function.
     |
     |      1. __init__(self: pymanual.Something) -> None
     |
     |      2. __init__(self: pymanual.Something, arg0: pymanual.Something) -> None
     |
     |  __str__(...)
     |      __str__(self: pymanual.Something) -> str
     |
     |  something(...)
     |      something(self: pymanual.Something) -> bool
     |
     |  whatever(...)
     |      whatever(self: pymanual.Something) -> bool
     |
     |  ----------------------------------------------------------------------
     |  Data descriptors defined here:
     |
     |  offset
     |
     |  ----------------------------------------------------------------------
     |  Static methods inherited from pybind11_builtins.pybind11_object:
     |
     |  __new__(*args, **kwargs) from pybind11_builtins.pybind11_type
     |      Create and return a new object.  See help(type) for accurate signature.

