NAME
    pyoverloads

CLASSES
    pybind11_builtins.pybind11_object(builtins.object)
        Something

    class Something(pybind11_builtins.pybind11_object)
     |  Method resolution order:
     |      Something
     |      pybind11_builtins.pybind11_object
     |      builtins.object
     |
     |  Methods defined here:
     |
     |  __init__(...)
     |      __init__(*args, **kwargs)
     |      Overloaded function.
     |
     |      1. __init__(self: pyoverloads.Something) -> None
     |
     |      2. __init__(self: pyoverloads.Something, arg: int) -> None
     |
     |      3. __init__(self: pyoverloads.Something, first: int, second: int) -> None
     |
     |      4. __init__(self: pyoverloads.Something, arg0: pyoverloads.Something) -> None
     |
     |  set(...)
     |      set(*args, **kwargs)
     |      Overloaded function.
     |
     |      1. set(self: pyoverloads.Something) -> None
     |
     |      2. set(self: pyoverloads.Something, arg: int) -> None
     |
     |      3. set(self: pyoverloads.Something, first: int, second: int) -> None
     |
     |  ----------------------------------------------------------------------
     |  Data descriptors defined here:
     |
     |  value
     |
     |  ----------------------------------------------------------------------
     |  Static methods inherited from pybind11_builtins.pybind11_object:
     |
     |  __new__(*args, **kwargs) from pybind11_builtins.pybind11_type
     |      Create and return a new object.  See help(type) for accurate signature.

FUNCTIONS
    overloaded(...) method of builtins.PyCapsule instance
        overloaded(*args, **kwargs)
        Overloaded function.

        1. overloaded(arg: int) -> int

        2. overloaded(first: int, second: int) -> int

