NAME
    pyrequired

CLASSES
    pybind11_builtins.pybind11_object(builtins.object)
        Child
        Parent

    class Child(pybind11_builtins.pybind11_object)
     |  Method resolution order:
     |      Child
     |      pybind11_builtins.pybind11_object
     |      builtins.object
     |
     |  Methods defined here:
     |
     |  __init__(...)
     |      __init__(*args, **kwargs)
     |      Overloaded function.
     |
     |      1. __init__(self: pyrequired.Child) -> None
     |
     |      2. __init__(self: pyrequired.Child, arg0: pyrequired.Child) -> None
     |
     |  ----------------------------------------------------------------------
     |  Static methods inherited from pybind11_builtins.pybind11_object:
     |
     |  __new__(*args, **kwargs) from pybind11_builtins.pybind11_type
     |      Create and return a new object.  See help(type) for accurate signature.

    class Parent(pybind11_builtins.pybind11_object)
     |  Method resolution order:
     |      Parent
     |      pybind11_builtins.pybind11_object
     |      builtins.object
     |
     |  Methods defined here:
     |
     |  __init__(...)
     |      __init__(*args, **kwargs)
     |      Overloaded function.
     |
     |      1. __init__(self: pyrequired.Parent) -> None
     |
     |      2. __init__(self: pyrequired.Parent, arg0: pyrequired.Parent) -> None
     |
     |  accept(...)
     |      accept(self: pyrequired.Parent, child: pyrequired.Child) -> None
     |
     |  required(...)
     |      required(self: pyrequired.Parent, child: pyrequired.Child) -> None
     |
     |  ----------------------------------------------------------------------
     |  Static methods inherited from pybind11_builtins.pybind11_object:
     |
     |  __new__(*args, **kwargs) from pybind11_builtins.pybind11_type
     |      Create and return a new object.  See help(type) for accurate signature.

