NAME
    pyreturn_value_types

CLASSES
    pybind11_builtins.pybind11_object(builtins.object)
        X
        Y

    class X(pybind11_builtins.pybind11_object)
     |  Method resolution order:
     |      X
     |      pybind11_builtins.pybind11_object
     |      builtins.object
     |
     |  Methods defined here:
     |
     |  __init__(...)
     |      __init__(*args, **kwargs)
     |      Overloaded function.
     |
     |      1. __init__(self: pyreturn_value_types.X) -> None
     |
     |      2. __init__(self: pyreturn_value_types.X, arg0: pyreturn_value_types.X) -> None
     |
     |  ----------------------------------------------------------------------
     |  Static methods inherited from pybind11_builtins.pybind11_object:
     |
     |  __new__(*args, **kwargs) from pybind11_builtins.pybind11_type
     |      Create and return a new object.  See help(type) for accurate signature.

    class Y(pybind11_builtins.pybind11_object)
     |  Method resolution order:
     |      Y
     |      pybind11_builtins.pybind11_object
     |      builtins.object
     |
     |  Methods defined here:
     |
     |  __init__(...)
     |      __init__(*args, **kwargs)
     |      Overloaded function.
     |
     |      1. __init__(self: pyreturn_value_types.Y) -> None
     |
     |      2. __init__(self: pyreturn_value_types.Y, arg0: pyreturn_value_types.Y) -> None
     |
     |  ----------------------------------------------------------------------
     |  Data descriptors defined here:
     |
     |  N
     |
     |  ----------------------------------------------------------------------
     |  Static methods inherited from pybind11_builtins.pybind11_object:
     |
     |  __new__(*args, **kwargs) from pybind11_builtins.pybind11_type
     |      Create and return a new object.  See help(type) for accurate signature.

FUNCTIONS
    return_builtin(...) method of builtins.PyCapsule instance
        return_builtin() -> bool

    return_class(...) method of builtins.PyCapsule instance
        return_class() -> pyreturn_value_types.X

    return_class_in_namespace(...) method of builtins.PyCapsule instance
        return_class_in_namespace() -> pyreturn_value_types.Y

    return_class_outside_namespace(...) method of builtins.PyCapsule instance
        return_class_outside_namespace() -> pyreturn_value_types.Y

    return_template_outside_namespace(...) method of builtins.PyCapsule instance
        return_template_outside_namespace() -> List[pyreturn_value_types.Y[1]]

