NAME
    pysubmodules

SUBMODULES
    expose_as
    named
    submodule
    submodule_
    xyz

