NAME
    pytypedefs_across_modules_missing_include

DATA
    alias = None

