NAME
    pytypedefs_definition

CLASSES
    pybind11_builtins.pybind11_object(builtins.object)
        Definition

    class Definition(pybind11_builtins.pybind11_object)
     |  Method resolution order:
     |      Definition
     |      pybind11_builtins.pybind11_object
     |      builtins.object
     |
     |  Methods defined here:
     |
     |  __init__(...)
     |      __init__(*args, **kwargs)
     |      Overloaded function.
     |
     |      1. __init__(self: pytypedefs_definition.Definition) -> None
     |
     |      2. __init__(self: pytypedefs_definition.Definition, arg0: pytypedefs_definition.Definition) -> None
     |
     |  ----------------------------------------------------------------------
     |  Data and other attributes defined here:
     |
     |  NestedDefinition = <class 'pytypedefs_definition.Definition.NestedDefi...
     |
     |  NestedTypedef = <class 'pytypedefs_definition.Definition.NestedDefinit...
     |
     |  ----------------------------------------------------------------------
     |  Static methods inherited from pybind11_builtins.pybind11_object:
     |
     |  __new__(*args, **kwargs) from pybind11_builtins.pybind11_type
     |      Create and return a new object.  See help(type) for accurate signature.

    Typedef = class Definition(pybind11_builtins.pybind11_object)
     |  Method resolution order:
     |      Definition
     |      pybind11_builtins.pybind11_object
     |      builtins.object
     |
     |  Methods defined here:
     |
     |  __init__(...)
     |      __init__(*args, **kwargs)
     |      Overloaded function.
     |
     |      1. __init__(self: pytypedefs_definition.Definition) -> None
     |
     |      2. __init__(self: pytypedefs_definition.Definition, arg0: pytypedefs_definition.Definition) -> None
     |
     |  ----------------------------------------------------------------------
     |  Data and other attributes defined here:
     |
     |  NestedDefinition = <class 'pytypedefs_definition.Definition.NestedDefi...
     |
     |  NestedTypedef = <class 'pytypedefs_definition.Definition.NestedDefinit...
     |
     |  ----------------------------------------------------------------------
     |  Static methods inherited from pybind11_builtins.pybind11_object:
     |
     |  __new__(*args, **kwargs) from pybind11_builtins.pybind11_type
     |      Create and return a new object.  See help(type) for accurate signature.

