NAME
    pyvariables

CLASSES
    pybind11_builtins.pybind11_object(builtins.object)
        SomeClass
        SomeStruct

    class SomeClass(pybind11_builtins.pybind11_object)
     |  Method resolution order:
     |      SomeClass
     |      pybind11_builtins.pybind11_object
     |      builtins.object
     |
     |  Methods defined here:
     |
     |  __init__(...)
     |      __init__(*args, **kwargs)
     |      Overloaded function.
     |
     |      1. __init__(self: pyvariables.SomeClass) -> None
     |
     |      2. __init__(self: pyvariables.SomeClass, arg0: pyvariables.SomeClass) -> None
     |
     |  ----------------------------------------------------------------------
     |  Readonly properties defined here:
     |
     |  const_field
     |
     |  readonly_field
     |
     |  static_const_field
     |
     |  static_constexpr_field
     |
     |  static_readonly_field
     |
     |  static_writable_false_field
     |
     |  writable_false_field
     |
     |  ----------------------------------------------------------------------
     |  Data descriptors defined here:
     |
     |  field
     |
     |  static_field
     |
     |  ----------------------------------------------------------------------
     |  Static methods inherited from pybind11_builtins.pybind11_object:
     |
     |  __new__(*args, **kwargs) from pybind11_builtins.pybind11_type
     |      Create and return a new object.  See help(type) for accurate signature.

    class SomeStruct(pybind11_builtins.pybind11_object)
     |  Method resolution order:
     |      SomeStruct
     |      pybind11_builtins.pybind11_object
     |      builtins.object
     |
     |  Methods defined here:
     |
     |  __init__(...)
     |      __init__(*args, **kwargs)
     |      Overloaded function.
     |
     |      1. __init__(self: pyvariables.SomeStruct) -> None
     |
     |      2. __init__(self: pyvariables.SomeStruct, arg0: pyvariables.SomeStruct) -> None
     |
     |  ----------------------------------------------------------------------
     |  Readonly properties defined here:
     |
     |  const_field
     |
     |  readonly_field
     |
     |  static_const_field
     |
     |  static_constexpr_field
     |
     |  static_readonly_field
     |
     |  static_writable_false_field
     |
     |  writable_false_field
     |
     |  ----------------------------------------------------------------------
     |  Data descriptors defined here:
     |
     |  field
     |
     |  static_field
     |
     |  ----------------------------------------------------------------------
     |  Static methods inherited from pybind11_builtins.pybind11_object:
     |
     |  __new__(*args, **kwargs) from pybind11_builtins.pybind11_type
     |      Create and return a new object.  See help(type) for accurate signature.

DATA
    const_var = 2
    var = 1

